// Jest Snapshot v1, https://goo.gl/fbAQLP

exports[`ZoweUSSNode Unit Tests - Initialization of class Checks that the ZoweUSSNode structure matches the snapshot 1`] = `
ZoweUSSNode {
  "binary": false,
  "binaryFiles": {},
  "children": [],
  "collapsibleState": 0,
  "contextValue": "textFile",
  "dirty": true,
  "downloadedInternal": false,
  "downloadedTime": null,
  "encodingMap": {},
  "etag": "",
  "fullPath": "",
  "iconPath": "Ref: 'document.svg'",
  "label": "testFile",
  "mParent": ZoweUSSNode {
    "binary": false,
    "binaryFiles": {},
    "children": [],
    "collapsibleState": 1,
    "contextValue": "directory",
    "dirty": true,
    "downloadedInternal": false,
    "downloadedTime": null,
    "encodingMap": {},
    "etag": "",
    "fullPath": "",
    "iconPath": "Ref: 'folder.svg'",
    "label": "testDir",
    "mParent": ZoweUSSNode {
      "binary": false,
      "binaryFiles": {},
      "children": [],
      "collapsibleState": 1,
      "contextValue": "ussSession",
      "dirty": true,
      "downloadedInternal": false,
      "downloadedTime": null,
      "encodingMap": {},
      "etag": "",
      "fullPath": "",
      "iconPath": "Ref: 'folder.svg'",
      "label": "root",
      "mParent": undefined,
      "onUpdateEmitter": EventEmitter {},
      "parentPath": undefined,
      "prevPath": "",
      "profile": {
        "failNotFound": false,
        "message": "",
        "name": "sestest",
        "profile": {
          "host": "fake",
          "password": undefined,
          "port": 999,
          "rejectUnauthorize": false,
          "user": "testuser",
        },
        "type": "zosmf",
      },
      "session": Session {
        "ISession": {
          "hostname": "fake",
          "password": "fake",
          "port": 1443,
          "protocol": "https",
          "type": "basic",
          "user": "fake",
        },
      },
      "shortLabel": "",
    },
    "onUpdateEmitter": EventEmitter {},
    "parentPath": undefined,
    "prevPath": "",
    "profile": {
      "failNotFound": false,
      "message": "",
      "name": "sestest",
      "profile": {
        "host": "fake",
        "password": undefined,
        "port": 999,
        "rejectUnauthorize": false,
        "user": "testuser",
      },
      "type": "zosmf",
    },
    "session": undefined,
    "shortLabel": "",
  },
  "onUpdateEmitter": EventEmitter {},
  "parentPath": undefined,
  "prevPath": "",
  "profile": {
    "failNotFound": false,
    "message": "",
    "name": "sestest",
    "profile": {
      "host": "fake",
      "password": undefined,
      "port": 999,
      "rejectUnauthorize": false,
      "user": "testuser",
    },
    "type": "zosmf",
  },
  "session": undefined,
  "shortLabel": "",
}
`;
